
> cartagena-concierge@0.1.0 build
> next build

node.exe : [baseline-b
rowser-mapping] The 
data in this module 
is over two months 
old.  To ensure 
accurate Baseline 
data, please update: 
`npm i baseline-browse
r-mapping@latest -D`
En línea: 1 Carácter: 
1
+ & "C:\Program Files\
nodejs/node.exe" 
"C:\Program 
Files\nodejs/node_mo 
...
+ ~~~~~~~~~~~~~~~~~~~~
~~~~~~~~~~~~~~~~~~~~~~
~~~~~~~~~~~~~~~~~~~~~~
~~~~~
    + CategoryInfo    
          : NotSpeci  
  fied: ([baseline-   
 brows...ping@late    
st -D`:String) []    
, RemoteException
    + FullyQualifiedE 
   rrorId : NativeCo  
  mmandError
 
 ÔÜá Warning: Next.js 
inferred your 
workspace root, but 
it may not be correct.
 We detected multiple 
lockfiles and 
selected the 
directory of C:\Users\
personal\package-lock.
json as the root 
directory.
 To silence this 
warning, set 
`turbopack.root` in 
your Next.js config, 
or consider removing 
one of the lockfiles 
if it's not needed.
   See https://nextjs.
org/docs/app/api-refer
ence/config/next-confi
g-js/turbopack#root-di
rectory for more 
information.
 Detected additional 
lockfiles: 
   * C:\Users\personal
\.gemini\antigravity\s
cratch\cartagena-conci
erge\package-lock.json


> Build error occurred
Error: EBUSY: 
resource busy or 
locked, unlink 'C:\Use
rs\personal\.gemini\an
tigravity\scratch\cart
agena-concierge\.next\
server\chunks\ssr\8dec
5_9d903920._.js.map'
    at ignore-listed 
frames {
  errno: -4082,
  code: 'EBUSY',
  syscall: 'unlink',
  path: 'C:\\Users\\pe
rsonal\\.gemini\\antig
ravity\\scratch\\carta
gena-concierge\\.next\
\server\\chunks\\ssr\\
8dec5_9d903920._.js.ma
p'
}
